  Determining projects to restore...
  All projects are up-to-date for restore.
  MeAjudaAi.Contracts -> C:\Code\MeAjudaAi\src\Contracts\bin\Debug\net10.0\MeAjudaAi.Contracts.dll
  MeAjudaAi.Shared -> C:\Code\MeAjudaAi\src\Shared\bin\Debug\net10.0\MeAjudaAi.Shared.dll
  MeAjudaAi.Client.Contracts -> C:\Code\MeAjudaAi\src\Client\MeAjudaAi.Client.Contracts\bin\Debug\net10.0\MeAjudaAi.Client.Contracts.dll
  MeAjudaAi.Modules.ServiceCatalogs.Domain -> C:\Code\MeAjudaAi\src\Modules\ServiceCatalogs\Domain\bin\Debug\net10.0\MeAjudaAi.Modules.ServiceCatalogs.Domain.dll
  MeAjudaAi.Modules.Users.Domain -> C:\Code\MeAjudaAi\src\Modules\Users\Domain\bin\Debug\net10.0\MeAjudaAi.Modules.Users.Domain.dll
  MeAjudaAi.Modules.SearchProviders.Domain -> C:\Code\MeAjudaAi\src\Modules\SearchProviders\Domain\bin\Debug\net10.0\MeAjudaAi.Modules.SearchProviders.Domain.dll
  MeAjudaAi.Modules.Locations.Domain -> C:\Code\MeAjudaAi\src\Modules\Locations\Domain\bin\Debug\net10.0\MeAjudaAi.Modules.Locations.Domain.dll
  MeAjudaAi.ServiceDefaults -> C:\Code\MeAjudaAi\src\Aspire\MeAjudaAi.ServiceDefaults\bin\Debug\net10.0\MeAjudaAi.ServiceDefaults.dll
  MeAjudaAi.Modules.Users.Application -> C:\Code\MeAjudaAi\src\Modules\Users\Application\bin\Debug\net10.0\MeAjudaAi.Modules.Users.Application.dll
  MeAjudaAi.Modules.Providers.Domain -> C:\Code\MeAjudaAi\src\Modules\Providers\Domain\bin\Debug\net10.0\MeAjudaAi.Modules.Providers.Domain.dll
  MeAjudaAi.Modules.ServiceCatalogs.Application -> C:\Code\MeAjudaAi\src\Modules\ServiceCatalogs\Application\bin\Debug\net10.0\MeAjudaAi.Modules.ServiceCatalogs.Application.dll
  MeAjudaAi.Modules.Locations.Application -> C:\Code\MeAjudaAi\src\Modules\Locations\Application\bin\Debug\net10.0\MeAjudaAi.Modules.Locations.Application.dll
  MeAjudaAi.Modules.Users.Infrastructure -> C:\Code\MeAjudaAi\src\Modules\Users\Infrastructure\bin\Debug\net10.0\MeAjudaAi.Modules.Users.Infrastructure.dll
  MeAjudaAi.Modules.ServiceCatalogs.Infrastructure -> C:\Code\MeAjudaAi\src\Modules\ServiceCatalogs\Infrastructure\bin\Debug\net10.0\MeAjudaAi.Modules.ServiceCatalogs.Infrastructure.dll
  MeAjudaAi.Modules.Locations.Infrastructure -> C:\Code\MeAjudaAi\src\Modules\Locations\Infrastructure\bin\Debug\net10.0\MeAjudaAi.Modules.Locations.Infrastructure.dll
  MeAjudaAi.Modules.Documents.Domain -> C:\Code\MeAjudaAi\src\Modules\Documents\Domain\bin\Debug\net10.0\MeAjudaAi.Modules.Documents.Domain.dll
  MeAjudaAi.Modules.Users.API -> C:\Code\MeAjudaAi\src\Modules\Users\API\bin\Debug\net10.0\MeAjudaAi.Modules.Users.API.dll
  MeAjudaAi.Modules.SearchProviders.Application -> C:\Code\MeAjudaAi\src\Modules\SearchProviders\Application\bin\Debug\net10.0\MeAjudaAi.Modules.SearchProviders.Application.dll
  MeAjudaAi.Modules.Documents.Application -> C:\Code\MeAjudaAi\src\Modules\Documents\Application\bin\Debug\net10.0\MeAjudaAi.Modules.Documents.Application.dll
  MeAjudaAi.Modules.ServiceCatalogs.API -> C:\Code\MeAjudaAi\src\Modules\ServiceCatalogs\API\bin\Debug\net10.0\MeAjudaAi.Modules.ServiceCatalogs.API.dll
  MeAjudaAi.Modules.Providers.Application -> C:\Code\MeAjudaAi\src\Modules\Providers\Application\bin\Debug\net10.0\MeAjudaAi.Modules.Providers.Application.dll
  MeAjudaAi.Modules.Documents.Infrastructure -> C:\Code\MeAjudaAi\src\Modules\Documents\Infrastructure\bin\Debug\net10.0\MeAjudaAi.Modules.Documents.Infrastructure.dll
  MeAjudaAi.Modules.SearchProviders.Infrastructure -> C:\Code\MeAjudaAi\src\Modules\SearchProviders\Infrastructure\bin\Debug\net10.0\MeAjudaAi.Modules.SearchProviders.Infrastructure.dll
  MeAjudaAi.Modules.Providers.Infrastructure -> C:\Code\MeAjudaAi\src\Modules\Providers\Infrastructure\bin\Debug\net10.0\MeAjudaAi.Modules.Providers.Infrastructure.dll
  MeAjudaAi.Modules.Locations.API -> C:\Code\MeAjudaAi\src\Modules\Locations\API\bin\Debug\net10.0\MeAjudaAi.Modules.Locations.API.dll
  MeAjudaAi.Modules.Providers.API -> C:\Code\MeAjudaAi\src\Modules\Providers\API\bin\Debug\net10.0\MeAjudaAi.Modules.Providers.API.dll
  MeAjudaAi.Modules.SearchProviders.API -> C:\Code\MeAjudaAi\src\Modules\SearchProviders\API\bin\Debug\net10.0\MeAjudaAi.Modules.SearchProviders.API.dll
  MeAjudaAi.Modules.Documents.API -> C:\Code\MeAjudaAi\src\Modules\Documents\API\bin\Debug\net10.0\MeAjudaAi.Modules.Documents.API.dll
  MeAjudaAi.ApiService -> C:\Code\MeAjudaAi\src\Bootstrapper\MeAjudaAi.ApiService\bin\Debug\net10.0\MeAjudaAi.ApiService.dll
  MeAjudaAi.ApiService.Tests -> C:\Code\MeAjudaAi\tests\MeAjudaAi.ApiService.Tests\bin\Debug\net10.0\MeAjudaAi.ApiService.Tests.dll
  MeAjudaAi.AppHost -> C:\Code\MeAjudaAi\src\Aspire\MeAjudaAi.AppHost\bin\Debug\net10.0\MeAjudaAi.AppHost.dll
  MeAjudaAi.Architecture.Tests -> C:\Code\MeAjudaAi\tests\MeAjudaAi.Architecture.Tests\bin\Debug\net10.0\MeAjudaAi.Architecture.Tests.dll
  MeAjudaAi.Shared.Tests -> C:\Code\MeAjudaAi\tests\MeAjudaAi.Shared.Tests\bin\Debug\net10.0\MeAjudaAi.Shared.Tests.dll
  Aspire Paths Configuration:
    SolutionRoot: C:\Code\MeAjudaAi\
    PackagesRoot: C:\Code\MeAjudaAi\packages\
    AspireRid: win-x64
    DcpCliPath: C:\Code\MeAjudaAi\packages\aspire.hosting.orchestration.win-x64\13.1.0\tools\dcp.exe
    AspireDashboardPath: C:\Code\MeAjudaAi\packages\aspire.dashboard.sdk.win-x64\13.1.0\tools\Aspire.Dashboard.exe
C:\Code\MeAjudaAi\src\Modules\Locations\Tests\Unit\API\Endpoints\LocationsEndpointsTests.cs(107,46): error CS0117: 'SearchLocationsEndpoint' does not contain a definition for 'SearchAsync' [C:\Code\MeAjudaAi\src\Modules\Locations\Tests\MeAjudaAi.Modules.Locations.Tests.csproj]
C:\Code\MeAjudaAi\src\Modules\ServiceCatalogs\Tests\Unit\API\Endpoints\GetServiceByIdEndpointTests.cs(25,30): error CS7036: There is no argument given that corresponds to the required parameter 'IsActive' of 'ServiceDto.ServiceDto(Guid, Guid, string, string, string?, bool, int, DateTime, DateTime?)' [C:\Code\MeAjudaAi\src\Modules\ServiceCatalogs\Tests\MeAjudaAi.Modules.ServiceCatalogs.Tests.csproj]
C:\Code\MeAjudaAi\src\Modules\ServiceCatalogs\Tests\Unit\API\Endpoints\GetAllServicesEndpointTests.cs(24,55): error CS7036: There is no argument given that corresponds to the required parameter 'DisplayOrder' of 'ServiceListDto.ServiceListDto(Guid, Guid, string, string?, int, bool)' [C:\Code\MeAjudaAi\src\Modules\ServiceCatalogs\Tests\MeAjudaAi.Modules.ServiceCatalogs.Tests.csproj]
  MeAjudaAi.Modules.Documents.Tests -> C:\Code\MeAjudaAi\src\Modules\Documents\Tests\bin\Debug\net10.0\MeAjudaAi.Modules.Documents.Tests.dll
  MeAjudaAi.Modules.SearchProviders.Tests -> C:\Code\MeAjudaAi\src\Modules\SearchProviders\Tests\bin\Debug\net10.0\MeAjudaAi.Modules.SearchProviders.Tests.dll
  MeAjudaAi.Modules.Users.Tests -> C:\Code\MeAjudaAi\src\Modules\Users\Tests\bin\Debug\net10.0\MeAjudaAi.Modules.Users.Tests.dll
  MeAjudaAi.Modules.Providers.Tests -> C:\Code\MeAjudaAi\src\Modules\Providers\Tests\bin\Debug\net10.0\MeAjudaAi.Modules.Providers.Tests.dll
  MeAjudaAi.E2E.Tests -> C:\Code\MeAjudaAi\tests\MeAjudaAi.E2E.Tests\bin\Debug\net10.0\MeAjudaAi.E2E.Tests.dll
C:\Code\MeAjudaAi\tests\MeAjudaAi.Integration.Tests\Modules\Providers\ProvidersAdminIntegrationTests.cs(71,47): error CS0117: 'EDocumentType' does not contain a definition for 'Identity' [C:\Code\MeAjudaAi\tests\MeAjudaAi.Integration.Tests\MeAjudaAi.Integration.Tests.csproj]
C:\Code\MeAjudaAi\tests\MeAjudaAi.Integration.Tests\Modules\Providers\ProvidersAdminIntegrationTests.cs(81,42): error CS0117: 'EDocumentType' does not contain a definition for 'Identity' [C:\Code\MeAjudaAi\tests\MeAjudaAi.Integration.Tests\MeAjudaAi.Integration.Tests.csproj]
C:\Code\MeAjudaAi\tests\MeAjudaAi.Integration.Tests\Modules\Locations\CepProvidersUnavailabilityTests.cs(173,11): warning xUnit1004: Test methods should not be skipped. Remove the Skip property to start running the test again. (https://xunit.net/xunit.analyzers/rules/xUnit1004) [C:\Code\MeAjudaAi\tests\MeAjudaAi.Integration.Tests\MeAjudaAi.Integration.Tests.csproj]

Build FAILED.

C:\Code\MeAjudaAi\tests\MeAjudaAi.Integration.Tests\Modules\Locations\CepProvidersUnavailabilityTests.cs(173,11): warning xUnit1004: Test methods should not be skipped. Remove the Skip property to start running the test again. (https://xunit.net/xunit.analyzers/rules/xUnit1004) [C:\Code\MeAjudaAi\tests\MeAjudaAi.Integration.Tests\MeAjudaAi.Integration.Tests.csproj]
C:\Code\MeAjudaAi\src\Modules\Locations\Tests\Unit\API\Endpoints\LocationsEndpointsTests.cs(107,46): error CS0117: 'SearchLocationsEndpoint' does not contain a definition for 'SearchAsync' [C:\Code\MeAjudaAi\src\Modules\Locations\Tests\MeAjudaAi.Modules.Locations.Tests.csproj]
C:\Code\MeAjudaAi\src\Modules\ServiceCatalogs\Tests\Unit\API\Endpoints\GetServiceByIdEndpointTests.cs(25,30): error CS7036: There is no argument given that corresponds to the required parameter 'IsActive' of 'ServiceDto.ServiceDto(Guid, Guid, string, string, string?, bool, int, DateTime, DateTime?)' [C:\Code\MeAjudaAi\src\Modules\ServiceCatalogs\Tests\MeAjudaAi.Modules.ServiceCatalogs.Tests.csproj]
C:\Code\MeAjudaAi\src\Modules\ServiceCatalogs\Tests\Unit\API\Endpoints\GetAllServicesEndpointTests.cs(24,55): error CS7036: There is no argument given that corresponds to the required parameter 'DisplayOrder' of 'ServiceListDto.ServiceListDto(Guid, Guid, string, string?, int, bool)' [C:\Code\MeAjudaAi\src\Modules\ServiceCatalogs\Tests\MeAjudaAi.Modules.ServiceCatalogs.Tests.csproj]
C:\Code\MeAjudaAi\tests\MeAjudaAi.Integration.Tests\Modules\Providers\ProvidersAdminIntegrationTests.cs(71,47): error CS0117: 'EDocumentType' does not contain a definition for 'Identity' [C:\Code\MeAjudaAi\tests\MeAjudaAi.Integration.Tests\MeAjudaAi.Integration.Tests.csproj]
C:\Code\MeAjudaAi\tests\MeAjudaAi.Integration.Tests\Modules\Providers\ProvidersAdminIntegrationTests.cs(81,42): error CS0117: 'EDocumentType' does not contain a definition for 'Identity' [C:\Code\MeAjudaAi\tests\MeAjudaAi.Integration.Tests\MeAjudaAi.Integration.Tests.csproj]
    1 Warning(s)
    5 Error(s)

Time Elapsed 00:00:08.17
